Product: MDK-ARM Standard 5.10
Component: ARM Compiler 5.04 update 1 (build 49)
Tool: armlink [5040049]

==============================================================================

Section Cross References

    main.o(.text) refers to systickdelay.o(.text) for SysTick_Initaize
    main.o(.text) refers to ae_flash.o(.text) for Reader
    main.o(.text) refers to ae_com.o(.text) for DeListValues
    main.o(.text) refers to ae_gpio.o(.text) for LED_Init
    main.o(.text) refers to ae_mpu6050.o(.text) for MPU6050_Init
    main.o(.text) refers to ae_angle.o(.text) for Cycle_Init
    main.o(.text) refers to ae_usart.o(.text) for USART2_Init
    main.o(.text) refers to ae_vnh5160.o(.text) for VNH5160_Init
    main.o(.text) refers to ae_encode.o(.text) for EnCode_Init
    main.o(.text) refers to ae_adc.o(.text) for VoltageADC_Init
    main.o(.text) refers to printfa.o(i.__0printf) for __2printf
    main.o(.text) refers to stm32f10x_tim.o(.text) for TIM_GetITStatus
    main.o(.text) refers to stm32f10x_adc.o(.text) for ADC_GetConversionValue
    main.o(.text) refers to dfltui.o(.text) for __aeabi_ui2d
    main.o(.text) refers to dmul.o(.text) for __aeabi_dmul
    main.o(.text) refers to ddiv.o(.text) for __aeabi_ddiv
    main.o(.text) refers to cdcmple.o(.text) for __aeabi_cdcmple
    main.o(.text) refers to stm32f10x_gpio.o(.text) for GPIO_SetBits
    main.o(.text) refers to ae_comp.o(.text) for Comp_Angle
    main.o(.text) refers to ae_control.o(.text) for Control
    main.o(.text) refers to stm32f10x_usart.o(.text) for USART_GetITStatus
    main.o(.text) refers to ae_com.o(.bss) for data2
    main.o(.text) refers to ae_usart.o(.data) for Baud
    main.o(.text) refers to ae_control.o(.data) for SpeedControlCnt
    main.o(.text) refers to ae_com.o(.data) for Voltage
    main.o(.text) refers to main.o(.data) for LowVolCnt
    main.o(.text) refers to main.o(.bss) for RxBuff
    ae_i2c.o(.text) refers to stm32f10x_rcc.o(.text) for RCC_APB2PeriphClockCmd
    ae_i2c.o(.text) refers to stm32f10x_gpio.o(.text) for GPIO_Init
    ae_i2c.o(.text) refers to systickdelay.o(.text) for delay_us
    systickdelay.o(.text) refers to system_stm32f10x.o(.data) for SystemCoreClock
    systickdelay.o(.text) refers to systickdelay.o(.data) for fac_us
    ae_mpu6050.o(.text) refers to ae_i2c.o(.text) for I2C_Start
    ae_mpu6050.o(.text) refers to dflti.o(.text) for __aeabi_i2d
    ae_mpu6050.o(.text) refers to ddiv.o(.text) for __aeabi_ddiv
    ae_mpu6050.o(.text) refers to dadd.o(.text) for __aeabi_dsub
    ae_mpu6050.o(.text) refers to dfixui.o(.text) for __aeabi_d2uiz
    ae_usart.o(.text) refers to stm32f10x_rcc.o(.text) for RCC_APB2PeriphClockCmd
    ae_usart.o(.text) refers to stm32f10x_gpio.o(.text) for GPIO_Init
    ae_usart.o(.text) refers to stm32f10x_usart.o(.text) for USART_Init
    ae_usart.o(.text) refers to misc.o(.text) for NVIC_SetVectorTable
    ae_usart.o(.text) refers to ae_usart.o(.data) for Baud
    ae_com.o(.text) refers to strtok.o(.text) for strtok
    ae_com.o(.text) refers to atof.o(i.atof) for atof
    ae_com.o(.text) refers to dfixui.o(.text) for __aeabi_d2uiz
    ae_com.o(.text) refers to dfixi.o(.text) for __aeabi_d2iz
    ae_com.o(.text) refers to atoi.o(.text) for atoi
    ae_com.o(.text) refers to dflti.o(.text) for __aeabi_i2d
    ae_com.o(.text) refers to ae_com.o(.data) for FlagStopMotor
    ae_com.o(.text) refers to printfa.o(i.__0printf) for __2printf
    ae_com.o(.text) refers to ae_com.o(.bss) for data1
    ae_angle.o(.text) refers to stm32f10x_rcc.o(.text) for RCC_APB2PeriphClockCmd
    ae_angle.o(.text) refers to stm32f10x_tim.o(.text) for TIM_TimeBaseInit
    ae_angle.o(.text) refers to misc.o(.text) for NVIC_SetVectorTable
    ae_angle.o(.text) refers to dadd.o(.text) for __aeabi_dadd
    ae_angle.o(.text) refers to dfltui.o(.text) for __aeabi_ui2d
    ae_angle.o(.text) refers to ddiv.o(.text) for __aeabi_ddiv
    ae_angle.o(.text) refers to ae_mpu6050.o(.text) for MPU6050ReadAcc
    ae_angle.o(.text) refers to dflti.o(.text) for __aeabi_i2d
    ae_angle.o(.text) refers to atan2.o(i.atan2) for atan2
    ae_angle.o(.text) refers to dmul.o(.text) for __aeabi_dmul
    ae_angle.o(.text) refers to cdcmple.o(.text) for __aeabi_cdcmple
    ae_angle.o(.text) refers to cdrcmple.o(.text) for __aeabi_cdrcmple
    ae_angle.o(.text) refers to ae_com.o(.data) for SamplePeriod
    ae_angle.o(.text) refers to ae_angle.o(.data) for CalibAngleCnt
    ae_comp.o(.text) refers to dadd.o(.text) for __aeabi_dsub
    ae_comp.o(.text) refers to dmul.o(.text) for __aeabi_dmul
    ae_comp.o(.text) refers to dfltui.o(.text) for __aeabi_ui2d
    ae_comp.o(.text) refers to ae_comp.o(.data) for FirstFlag
    ae_comp.o(.text) refers to ae_com.o(.data) for AngleXacc
    ae_comp.o(.text) refers to ae_angle.o(.data) for XgyroRateZero
    ae_control.o(.text) refers to cdcmple.o(.text) for __aeabi_cdcmple
    ae_control.o(.text) refers to cdrcmple.o(.text) for __aeabi_cdrcmple
[...]
    ..\Libraries\STM32F10x_StdPeriph_Driver\src\stm32f10x_flash.c 0x00000000   Number         0  stm32f10x_flash.o ABSOLUTE
    ..\Libraries\STM32F10x_StdPeriph_Driver\src\stm32f10x_gpio.c 0x00000000   Number         0  stm32f10x_gpio.o ABSOLUTE
    ..\Libraries\STM32F10x_StdPeriph_Driver\src\stm32f10x_rcc.c 0x00000000   Number         0  stm32f10x_rcc.o ABSOLUTE
    ..\Libraries\STM32F10x_StdPeriph_Driver\src\stm32f10x_tim.c 0x00000000   Number         0  stm32f10x_tim.o ABSOLUTE
    ..\Libraries\STM32F10x_StdPeriph_Driver\src\stm32f10x_usart.c 0x00000000   Number         0  stm32f10x_usart.o ABSOLUTE
    ..\User\SysTickDelay.c                   0x00000000   Number         0  systickdelay.o ABSOLUTE
    ..\User\ae_ADC.c                         0x00000000   Number         0  ae_adc.o ABSOLUTE
    ..\User\ae_Angle.c                       0x00000000   Number         0  ae_angle.o ABSOLUTE
    ..\User\ae_Com.c                         0x00000000   Number         0  ae_com.o ABSOLUTE
    ..\User\ae_Comp.c                        0x00000000   Number         0  ae_comp.o ABSOLUTE
    ..\User\ae_Control.c                     0x00000000   Number         0  ae_control.o ABSOLUTE
    ..\User\ae_EnCode.c                      0x00000000   Number         0  ae_encode.o ABSOLUTE
    ..\User\ae_Flash.c                       0x00000000   Number         0  ae_flash.o ABSOLUTE
    ..\User\ae_GPIO.c                        0x00000000   Number         0  ae_gpio.o ABSOLUTE
    ..\User\ae_I2C.c                         0x00000000   Number         0  ae_i2c.o ABSOLUTE
    ..\User\ae_VNH5160.c                     0x00000000   Number         0  ae_vnh5160.o ABSOLUTE
    ..\User\ae_mpu6050.c                     0x00000000   Number         0  ae_mpu6050.o ABSOLUTE
    ..\User\ae_usart.c                       0x00000000   Number         0  ae_usart.o ABSOLUTE
    ..\User\main.c                           0x00000000   Number         0  main.o ABSOLUTE
    ..\User\system_stm32f10x.c               0x00000000   Number         0  system_stm32f10x.o ABSOLUTE
    ..\\Libraries\\CMSIS\\CM3\\CoreSupport\\core_cm3.c 0x00000000   Number         0  core_cm3.o ABSOLUTE
    ..\\Libraries\\STM32F10x_StdPeriph_Driver\\src\\misc.c 0x00000000   Number         0  misc.o ABSOLUTE
    ..\\Libraries\\STM32F10x_StdPeriph_Driver\\src\\stm32f10x_adc.c 0x00000000   Number         0  stm32f10x_adc.o ABSOLUTE
    ..\\Libraries\\STM32F10x_StdPeriph_Driver\\src\\stm32f10x_flash.c 0x00000000   Number         0  stm32f10x_flash.o ABSOLUTE
    ..\\Libraries\\STM32F10x_StdPeriph_Driver\\src\\stm32f10x_gpio.c 0x00000000   Number         0  stm32f10x_gpio.o ABSOLUTE
    ..\\Libraries\\STM32F10x_StdPeriph_Driver\\src\\stm32f10x_rcc.c 0x00000000   Number         0  stm32f10x_rcc.o ABSOLUTE
    ..\\Libraries\\STM32F10x_StdPeriph_Driver\\src\\stm32f10x_tim.c 0x00000000   Number         0  stm32f10x_tim.o ABSOLUTE
    ..\\Libraries\\STM32F10x_StdPeriph_Driver\\src\\stm32f10x_usart.c 0x00000000   Number         0  stm32f10x_usart.o ABSOLUTE
    ..\\User\\SysTickDelay.c                 0x00000000   Number         0  systickdelay.o ABSOLUTE
    ..\\User\\ae_ADC.c                       0x00000000   Number         0  ae_adc.o ABSOLUTE
    ..\\User\\ae_Angle.c                     0x00000000   Number         0  ae_angle.o ABSOLUTE
    ..\\User\\ae_Com.c                       0x00000000   Number         0  ae_com.o ABSOLUTE
    ..\\User\\ae_Comp.c                      0x00000000   Number         0  ae_comp.o ABSOLUTE
    ..\\User\\ae_Control.c                   0x00000000   Number         0  ae_control.o ABSOLUTE
    ..\\User\\ae_EnCode.c                    0x00000000   Number         0  ae_encode.o ABSOLUTE
    ..\\User\\ae_Flash.c                     0x00000000   Number         0  ae_flash.o ABSOLUTE
    ..\\User\\ae_GPIO.c                      0x00000000   Number         0  ae_gpio.o ABSOLUTE
    ..\\User\\ae_I2C.c                       0x00000000   Number         0  ae_i2c.o ABSOLUTE
    ..\\User\\ae_VNH5160.c                   0x00000000   Number         0  ae_vnh5160.o ABSOLUTE
    ..\\User\\ae_mpu6050.c                   0x00000000   Number         0  ae_mpu6050.o ABSOLUTE
    ..\\User\\ae_usart.c                     0x00000000   Number         0  ae_usart.o ABSOLUTE
    ..\\User\\main.c                         0x00000000   Number         0  main.o ABSOLUTE
    ..\\User\\system_stm32f10x.c             0x00000000   Number         0  system_stm32f10x.o ABSOLUTE
    cdcmple.s                                0x00000000   Number         0  cdcmple.o ABSOLUTE
    cdrcmple.s                               0x00000000   Number         0  cdrcmple.o ABSOLUTE
    dc.s                                     0x00000000   Number         0  dc.o ABSOLUTE
    handlers.s                               0x00000000   Number         0  handlers.o ABSOLUTE
    init.s                                   0x00000000   Number         0  init.o ABSOLUTE
    RESET                                    0x08000000   Section      236  startup_stm32f10x_md.o(RESET)
    .ARM.Collect$$$$00000000                 0x080000ec   Section        0  entry.o(.ARM.Collect$$$$00000000)
    .ARM.Collect$$$$00000001                 0x080000ec   Section        4  entry2.o(.ARM.Collect$$$$00000001)
    .ARM.Collect$$$$00000004                 0x080000f0   Section        4  entry5.o(.ARM.Collect$$$$00000004)
    .ARM.Collect$$$$00000008                 0x080000f4   Section        0  entry7b.o(.ARM.Collect$$$$00000008)
    .ARM.Collect$$$$0000000A                 0x080000f4   Section        0  entry8b.o(.ARM.Collect$$$$0000000A)
    .ARM.Collect$$$$0000000B                 0x080000f4   Section        8  entry9a.o(.ARM.Collect$$$$0000000B)
    .ARM.Collect$$$$0000000D                 0x080000fc   Section        0  entry10a.o(.ARM.Collect$$$$0000000D)
    .ARM.Collect$$$$0000000F                 0x080000fc   Section        0  entry11a.o(.ARM.Collect$$$$0000000F)
    .ARM.Collect$$$$00002712                 0x080000fc   Section        4  entry2.o(.ARM.Collect$$$$00002712)
    __lit__00000000                          0x080000fc   Data           4  entry2.o(.ARM.Collect$$$$00002712)
    .text                                    0x08000100   Section        0  main.o(.text)
    .text                                    0x08000364   Section        0  ae_i2c.o(.text)
    .text                                    0x080005e4   Section        0  systickdelay.o(.text)
    .text                                    0x080006ac   Section        0  ae_mpu6050.o(.text)
    .text                                    0x0800082c   Section        0  ae_usart.o(.text)
    .text                                    0x08000a44   Section        0  ae_com.o(.text)
    .text                                    0x0800139c   Section        0  ae_angle.o(.text)
    .text                                    0x08001598   Section        0  ae_comp.o(.text)
    .text                                    0x08001658   Section        0  ae_control.o(.text)
    .text                                    0x080020b8   Section        0  ae_vnh5160.o(.text)
    .text                                    0x080024ac   Section        0  ae_encode.o(.text)
    .text                                    0x080025fc   Section        0  ae_flash.o(.text)
    .text                                    0x08002700   Section        0  ae_gpio.o(.text)
    .text                                    0x08002764   Section        0  ae_adc.o(.text)
    .text                                    0x08002810   Section        0  misc.o(.text)
    .text                                    0x080028ec   Section        0  stm32f10x_adc.o(.text)
    .text                                    0x08002d3c   Section        0  stm32f10x_flash.o(.text)
    .text                                    0x080032f8   Section        0  stm32f10x_gpio.o(.text)
    .text                                    0x08003654   Section        0  stm32f10x_rcc.o(.text)
    .text                                    0x080039f8   Section        0  stm32f10x_tim.o(.text)
    TI4_Config                               0x08003e9f   Thumb Code   130  stm32f10x_tim.o(.text)
    TI3_Config                               0x08003f33   Thumb Code   122  stm32f10x_tim.o(.text)
    TI2_Config                               0x08003fc7   Thumb Code   130  stm32f10x_tim.o(.text)
    TI1_Config                               0x0800405b   Thumb Code   108  stm32f10x_tim.o(.text)
    .text                                    0x08004814   Section        0  stm32f10x_usart.o(.text)
    .text                                    0x08004c1c   Section       36  startup_stm32f10x_md.o(.text)
    .text                                    0x08004c40   Section        0  system_stm32f10x.o(.text)
    SetSysClockTo72                          0x08004c41   Thumb Code   214  system_stm32f10x.o(.text)
    SetSysClock                              0x08004d17   Thumb Code     8  system_stm32f10x.o(.text)
    .text                                    0x08004e20   Section        0  strtok.o(.text)
    .text                                    0x08004e64   Section        0  atoi.o(.text)
    .text                                    0x08004e7e   Section        0  fmul.o(.text)
    .text                                    0x08004ee2   Section        0  fdiv.o(.text)
    .text                                    0x08004f5e   Section        0  dadd.o(.text)
    .text                                    0x080050ac   Section        0  dmul.o(.text)
    .text                                    0x08005190   Section        0  ddiv.o(.text)
    .text                                    0x0800526e   Section        0  fflti.o(.text)
    .text                                    0x08005280   Section        0  dflti.o(.text)
    .text                                    0x080052a2   Section        0  dfltui.o(.text)
    .text                                    0x080052bc   Section        0  ffixui.o(.text)
    .text                                    0x080052e4   Section        0  dfixi.o(.text)
    .text                                    0x08005322   Section        0  dfixui.o(.text)
    .text                                    0x08005354   Section       40  cdcmple.o(.text)
    .text                                    0x0800537c   Section       40  cdrcmple.o(.text)
    .text                                    0x080053a4   Section        0  uidiv.o(.text)
    .text                                    0x080053d0   Section        0  uldiv.o(.text)
    .text                                    0x08005432   Section        0  llshl.o(.text)
    .text                                    0x08005450   Section        0  llushr.o(.text)
    .text                                    0x08005470   Section        0  llsshr.o(.text)
    .text                                    0x08005494   Section        0  strtod.o(.text)
    _local_sscanf                            0x08005495   Thumb Code    54  strtod.o(.text)
    .text                                    0x08005530   Section        0  strtol.o(.text)
    .text                                    0x080055a0   Section        0  fepilogue.o(.text)
    .text                                    0x080055a0   Section        0  iusefp.o(.text)
    .text                                    0x0800560e   Section        0  depilogue.o(.text)
    .text                                    0x080056c4   Section        0  dfixul.o(.text)
    .text                                    0x080056f4   Section       36  init.o(.text)
    .text                                    0x08005718   Section        0  ctype_o.o(.text)
    .text                                    0x08005720   Section        0  isspace_o.o(.text)
    .text                                    0x08005734   Section        0  scanf_fp.o(.text)
    _fp_value                                0x08005735   Thumb Code   256  scanf_fp.o(.text)
    .text                                    0x08005a6c   Section        0  _sgetc.o(.text)
    .text                                    0x08005aac   Section        0  _strtoul.o(.text)
    .text                                    0x08005b4a   Section        0  dscalb.o(.text)
    .text                                    0x08005b78   Section        0  _chval.o(.text)
    .text                                    0x08005b94   Section        0  dfltul.o(.text)
    .text                                    0x08005bac   Section        0  d2f.o(.text)
    .text                                    0x08005be4   Section        0  __dczerorl2.o(.text)
    i.__0printf                              0x08005c3c   Section        0  printfa.o(i.__0printf)
    i.__ARM_fpclassify                       0x08005c5c   Section        0  fpclassify.o(i.__ARM_fpclassify)
    i.__aeabi_errno_addr                     0x08005c84   Section        0  errno.o(i.__aeabi_errno_addr)
    i.__kernel_poly                          0x08005c8c   Section        0  poly.o(i.__kernel_poly)
    i.__mathlib_dbl_underflow                0x08005d38   Section        0  dunder.o(i.__mathlib_dbl_underflow)
    i.__read_errno                           0x08005d48   Section        0  errno.o(i.__read_errno)
    i.__scatterload_copy                     0x08005d54   Section       14  handlers.o(i.__scatterload_copy)
    i.__scatterload_null                     0x08005d62   Section        2  handlers.o(i.__scatterload_null)
    i.__scatterload_zeroinit                 0x08005d64   Section       14  handlers.o(i.__scatterload_zeroinit)
    i.__set_errno                            0x08005d74   Section        0  errno.o(i.__set_errno)
    i._fp_digits                             0x08005d80   Section        0  printfa.o(i._fp_digits)
    _fp_digits                               0x08005d81   Thumb Code   334  printfa.o(i._fp_digits)
    i._is_digit                              0x08005ee4   Section        0  scanf_fp.o(i._is_digit)
    i._printf_core                           0x08005ef4   Section        0  printfa.o(i._printf_core)
    _printf_core                             0x08005ef5   Thumb Code  1744  printfa.o(i._printf_core)
    i._printf_post_padding                   0x080065d0   Section        0  printfa.o(i._printf_post_padding)
    _printf_post_padding                     0x080065d1   Thumb Code    36  printfa.o(i._printf_post_padding)
    i._printf_pre_padding                    0x080065f4   Section        0  printfa.o(i._printf_pre_padding)
    _printf_pre_padding                      0x080065f5   Thumb Code    46  printfa.o(i._printf_pre_padding)
    i.atan                                   0x08006624   Section        0  atan.o(i.atan)
    i.atan2                                  0x08006848   Section        0  atan2.o(i.atan2)
    i.atof                                   0x080069c8   Section        0  atof.o(i.atof)
    .constdata                               0x080069f8   Section      152  atan.o(.constdata)
    atanhi                                   0x080069f8   Data          32  atan.o(.constdata)
    atanlo                                   0x08006a18   Data          32  atan.o(.constdata)
    aTodd                                    0x08006a38   Data          40  atan.o(.constdata)
    aTeven                                   0x08006a60   Data          48  atan.o(.constdata)
    .constdata                               0x08006a90   Section        8  qnan.o(.constdata)
    .constdata                               0x08006a98   Section      129  ctype_o.o(.constdata)
    .constdata                               0x08006b1c   Section        4  ctype_o.o(.constdata)
    table                                    0x08006b1c   Data           4  ctype_o.o(.constdata)
    .data                                    0x20000000   Section       13  main.o(.data)
    .data                                    0x2000000e   Section        4  systickdelay.o(.data)
    fac_us                                   0x2000000e   Data           1  systickdelay.o(.data)
    fac_ms                                   0x20000010   Data           2  systickdelay.o(.data)
    .data                                    0x20000014   Section        4  ae_usart.o(.data)
    .data                                    0x20000018   Section      232  ae_com.o(.data)
    .data                                    0x20000100   Section       64  ae_angle.o(.data)
    .data                                    0x20000140   Section        2  ae_comp.o(.data)
    .data                                    0x20000148   Section       83  ae_control.o(.data)
    .data                                    0x2000019c   Section       12  ae_encode.o(.data)
    .data                                    0x200001a8   Section       20  stm32f10x_rcc.o(.data)
    APBAHBPrescTable                         0x200001a8   Data          16  stm32f10x_rcc.o(.data)
    ADCPrescTable                            0x200001b8   Data           4  stm32f10x_rcc.o(.data)
    .data                                    0x200001bc   Section       20  system_stm32f10x.o(.data)
    .data                                    0x200001d0   Section        4  strtok.o(.data)
    state                                    0x200001d0   Data           4  strtok.o(.data)
    .data                                    0x200001d4   Section        4  stdout.o(.data)
    .data                                    0x200001d8   Section        4  errno.o(.data)
    _errno                                   0x200001d8   Data           4  errno.o(.data)
    .bss                                     0x200001dc   Section       50  main.o(.bss)
    .bss                                     0x20000210   Section      180  ae_com.o(.bss)
    STACK                                    0x200002c8   Section     1024  startup_stm32f10x_md.o(STACK)

    Global Symbols

    Symbol Name                              Value     Ov Type        Size  Object(Section)

    BuildAttributes$$THM_ISAv4$P$D$K$B$S$PE$A:L22UL41UL21$X:L11$S22US41US21$IEEE1$IW$USESV6$~STKCKD$USESV7$~SHL$OTIME$ROPI$IEEEX$EBA8$MICROLIB$REQ8$PRES8$EABIv2 0x00000000   Number         0  anon$$obj.o ABSOLUTE
    __ARM_use_no_argv                        0x00000000   Number         0  main.o ABSOLUTE
    _printf_a                                0x00000000   Number         0  stubs.o ABSOLUTE
    _printf_c                                0x00000000   Number         0  stubs.o ABSOLUTE
    _printf_charcount                        0x00000000   Number         0  stubs.o ABSOLUTE
    _printf_d                                0x00000000   Number         0  stubs.o ABSOLUTE
    _printf_e                                0x00000000   Number         0  stubs.o ABSOLUTE
    _printf_f                                0x00000000   Number         0  stubs.o ABSOLUTE
    _printf_flags                            0x00000000   Number         0  stubs.o ABSOLUTE
    _printf_fp_dec                           0x00000000   Number         0  stubs.o ABSOLUTE
    _printf_fp_hex                           0x00000000   Number         0  stubs.o ABSOLUTE
    _printf_g                                0x00000000   Number         0  stubs.o ABSOLUTE
    _printf_i                                0x00000000   Number         0  stubs.o ABSOLUTE
    _printf_int_dec                          0x00000000   Number         0  stubs.o ABSOLUTE
    _printf_l                                0x00000000   Number         0  stubs.o ABSOLUTE
    _printf_lc                               0x00000000   Number         0  stubs.o ABSOLUTE
    _printf_ll                               0x00000000   Number         0  stubs.o ABSOLUTE
    _printf_lld                              0x00000000   Number         0  stubs.o ABSOLUTE
    _printf_lli                              0x00000000   Number         0  stubs.o ABSOLUTE
    _printf_llo                              0x00000000   Number         0  stubs.o ABSOLUTE
    _printf_llu                              0x00000000   Number         0  stubs.o ABSOLUTE
    _printf_llx                              0x00000000   Number         0  stubs.o ABSOLUTE
    _printf_longlong_dec                     0x00000000   Number         0  stubs.o ABSOLUTE
    _printf_longlong_hex                     0x00000000   Number         0  stubs.o ABSOLUTE
    _printf_longlong_oct                     0x00000000   Number         0  stubs.o ABSOLUTE
    _printf_ls                               0x00000000   Number         0  stubs.o ABSOLUTE
    _printf_mbtowc                           0x00000000   Number         0  stubs.o ABSOLUTE
    _printf_n                                0x00000000   Number         0  stubs.o ABSOLUTE
    _printf_o                                0x00000000   Number         0  stubs.o ABSOLUTE
    _printf_p                                0x00000000   Number         0  stubs.o ABSOLUTE
    _printf_percent                          0x00000000   Number         0  stubs.o ABSOLUTE
    _printf_pre_padding                      0x00000000   Number         0  stubs.o ABSOLUTE
    _printf_return_value                     0x00000000   Number         0  stubs.o ABSOLUTE
    _printf_s                                0x00000000   Number         0  stubs.o ABSOLUTE
    _printf_sizespec                         0x00000000   Number         0  stubs.o ABSOLUTE
    _printf_str                              0x00000000   Number         0  stubs.o ABSOLUTE
    _printf_truncate_signed                  0x00000000   Number         0  stubs.o ABSOLUTE
    _printf_truncate_unsigned                0x00000000   Number         0  stubs.o ABSOLUTE
    _printf_u                                0x00000000   Number         0  stubs.o ABSOLUTE
    _printf_wc                               0x00000000   Number         0  stubs.o ABSOLUTE
    _printf_wctomb                           0x00000000   Number         0  stubs.o ABSOLUTE
    _printf_widthprec                        0x00000000   Number         0  stubs.o ABSOLUTE
    _printf_x                                0x00000000   Number         0  stubs.o ABSOLUTE
    __cpp_initialize__aeabi_                  - Undefined Weak Reference
    __cxa_finalize                            - Undefined Weak Reference
    _clock_init                               - Undefined Weak Reference
    _microlib_exit                            - Undefined Weak Reference
    __Vectors_Size                           0x000000ec   Number         0  startup_stm32f10x_md.o ABSOLUTE
    __Vectors                                0x08000000   Data           4  startup_stm32f10x_md.o(RESET)
    __Vectors_End                            0x080000ec   Data           0  startup_stm32f10x_md.o(RESET)
    __main                                   0x080000ed   Thumb Code     0  entry.o(.ARM.Collect$$$$00000000)
    _main_stk                                0x080000ed   Thumb Code     0  entry2.o(.ARM.Collect$$$$00000001)
    _main_scatterload                        0x080000f1   Thumb Code     0  entry5.o(.ARM.Collect$$$$00000004)
    __main_after_scatterload                 0x080000f5   Thumb Code     0  entry5.o(.ARM.Collect$$$$00000004)
    _main_clock                              0x080000f5   Thumb Code     0  entry7b.o(.ARM.Collect$$$$00000008)
    _main_cpp_init                           0x080000f5   Thumb Code     0  entry8b.o(.ARM.Collect$$$$0000000A)
    _main_init                               0x080000f5   Thumb Code     0  entry9a.o(.ARM.Collect$$$$0000000B)
    __rt_final_cpp                           0x080000fd   Thumb Code     0  entry10a.o(.ARM.Collect$$$$0000000D)
    __rt_final_exit                          0x080000fd   Thumb Code     0  entry11a.o(.ARM.Collect$$$$0000000F)
    main                                     0x08000101   Thumb Code    82  main.o(.text)
    TIM1_UP_IRQHandler                       0x08000153   Thumb Code   292  main.o(.text)
    USART1_IRQHandler                        0x08000277   Thumb Code    66  main.o(.text)
    USART2_IRQHandler                        0x080002b9   Thumb Code    66  main.o(.text)
    myI2C_Init                               0x08000365   Thumb Code    60  ae_i2c.o(.text)
    I2C_SDA_OUT                              0x080003a1   Thumb Code    32  ae_i2c.o(.text)
    I2C_SDA_IN                               0x080003c1   Thumb Code    26  ae_i2c.o(.text)
    I2C_Start                                0x080003db   Thumb Code    60  ae_i2c.o(.text)
    I2C_Stop                                 0x08000417   Thumb Code    60  ae_i2c.o(.text)
    I2C_Ack                                  0x08000453   Thumb Code    60  ae_i2c.o(.text)
    I2C_NAck                                 0x0800048f   Thumb Code    60  ae_i2c.o(.text)
    I2C_Wait_Ack                             0x080004cb   Thumb Code    86  ae_i2c.o(.text)
    I2C_Send_Byte                            0x08000521   Thumb Code   100  ae_i2c.o(.text)
    I2C_Read_Byte                            0x08000585   Thumb Code    92  ae_i2c.o(.text)
    SysTick_Initaize                         0x080005e5   Thumb Code    60  systickdelay.o(.text)
    delay_ms                                 0x08000621   Thumb Code    66  systickdelay.o(.text)
    delay_us                                 0x08000663   Thumb Code    56  systickdelay.o(.text)
    PMU6050_WriteReg                         0x080006ad   Thumb Code    46  ae_mpu6050.o(.text)
    PMU6050_ReadData                         0x080006db   Thumb Code    88  ae_mpu6050.o(.text)
    MPU6050_Init                             0x08000733   Thumb Code    48  ae_mpu6050.o(.text)
    MPU6050ReadAcc                           0x08000763   Thumb Code    58  ae_mpu6050.o(.text)
    MPU6050ReadGyro                          0x0800079d   Thumb Code    58  ae_mpu6050.o(.text)
    MPU6050_ReturnTemp                       0x080007d7   Thumb Code    76  ae_mpu6050.o(.text)
    USART1_IO_Configuration                  0x0800082d   Thumb Code    64  ae_usart.o(.text)
    USART2_IO_Configuration                  0x0800086d   Thumb Code    66  ae_usart.o(.text)
    USART1_Configuration                     0x080008af   Thumb Code    50  ae_usart.o(.text)
    USART2_Configuration                     0x080008e1   Thumb Code    50  ae_usart.o(.text)
    USART1_NVIC_Configuration                0x08000913   Thumb Code    42  ae_usart.o(.text)
    USART2_NVIC_Configuration                0x0800093d   Thumb Code    42  ae_usart.o(.text)
    USART1_Init                              0x08000967   Thumb Code    36  ae_usart.o(.text)
    USART2_Init                              0x0800098b   Thumb Code    36  ae_usart.o(.text)
    USART1_SendChar                          0x080009af   Thumb Code    28  ae_usart.o(.text)
    myprintf1                                0x080009cb   Thumb Code    22  ae_usart.o(.text)
    USART2_SendChar                          0x080009e1   Thumb Code    28  ae_usart.o(.text)
    myprintf2                                0x080009fd   Thumb Code    22  ae_usart.o(.text)
    fputc                                    0x08000a13   Thumb Code    32  ae_usart.o(.text)
    GetValues                                0x08000a45   Thumb Code   992  ae_com.o(.text)
    SendValues                               0x08000e25   Thumb Code   498  ae_com.o(.text)
    ListValues                               0x08001017   Thumb Code   180  ae_com.o(.text)
    DeListValues                             0x080010cb   Thumb Code   210  ae_com.o(.text)
    DefaultValues                            0x0800119d   Thumb Code   160  ae_com.o(.text)
    TIM1_Configuration                       0x0800139d   Thumb Code    72  ae_angle.o(.text)
    TIM1_NVIC_Configuration                  0x080013e5   Thumb Code    48  ae_angle.o(.text)
    Cycle_Init                               0x08001415   Thumb Code    12  ae_angle.o(.text)
    Calib_Gyro                               0x08001421   Thumb Code    82  ae_angle.o(.text)
    Angle                                    0x08001473   Thumb Code   230  ae_angle.o(.text)
    Comp_Angle                               0x08001599   Thumb Code   154  ae_comp.o(.text)
    Constrain                                0x08001659   Thumb Code    64  ae_control.o(.text)
    AnglePID                                 0x08001699   Thumb Code   130  ae_control.o(.text)
    SpeedPID                                 0x0800171b   Thumb Code   294  ae_control.o(.text)
    SpeedP                                   0x08001841   Thumb Code   132  ae_control.o(.text)
    TurnPID                                  0x080018c5   Thumb Code   266  ae_control.o(.text)
    UpdatePWM                                0x080019cf   Thumb Code   144  ae_control.o(.text)
    CalibMotor                               0x08001a5f   Thumb Code   326  ae_control.o(.text)
    PWMScale                                 0x08001ba5   Thumb Code   602  ae_control.o(.text)
    Control                                  0x08001dff   Thumb Code   668  ae_control.o(.text)
    VNH5160_GPIO_Configuration               0x080020b9   Thumb Code   262  ae_vnh5160.o(.text)
    VNH5160_TIM2_Configuration               0x080021bf   Thumb Code   170  ae_vnh5160.o(.text)
    VNH5160_ADC_Configuration                0x08002269   Thumb Code   126  ae_vnh5160.o(.text)
    VNH5160_setPWM                           0x080022e7   Thumb Code   126  ae_vnh5160.o(.text)
    VNH5160_moveMotor                        0x08002365   Thumb Code   194  ae_vnh5160.o(.text)
    VNH5160_stopMotor                        0x08002427   Thumb Code    32  ae_vnh5160.o(.text)
    VNH5160_CS_EN                            0x08002447   Thumb Code    28  ae_vnh5160.o(.text)
    VNH5160_CS_DIS                           0x08002463   Thumb Code    24  ae_vnh5160.o(.text)
    VNH5160_Init                             0x0800247b   Thumb Code    16  ae_vnh5160.o(.text)
    EnCode_GPIO_Configuration                0x080024ad   Thumb Code    72  ae_encode.o(.text)
    EnCode_TIM3_Configuration                0x080024f5   Thumb Code    60  ae_encode.o(.text)
    EnCode_TIM4_Configuration                0x08002531   Thumb Code    60  ae_encode.o(.text)
    EnCode_GetLeft                           0x0800256d   Thumb Code    14  ae_encode.o(.text)
    EnCode_GetRight                          0x0800257b   Thumb Code    14  ae_encode.o(.text)
    EnCode_Get                               0x08002589   Thumb Code    60  ae_encode.o(.text)
    EnCode_Init                              0x080025c5   Thumb Code    16  ae_encode.o(.text)
    Double_FlashWrite                        0x080025fd   Thumb Code    40  ae_flash.o(.text)
    Double_FlashRead                         0x08002625   Thumb Code    32  ae_flash.o(.text)
    uint32_FlashWrite                        0x08002645   Thumb Code    22  ae_flash.o(.text)
    uint32_FlashRead                         0x0800265b   Thumb Code    14  ae_flash.o(.text)
    Storage                                  0x08002669   Thumb Code    88  ae_flash.o(.text)
    Reader                                   0x080026c1   Thumb Code    54  ae_flash.o(.text)
    GPIO_OUT_Configuration                   0x08002701   Thumb Code    40  ae_gpio.o(.text)
    GPIO_IN_Configuration                    0x08002729   Thumb Code    40  ae_gpio.o(.text)
    LED_Init                                 0x08002751   Thumb Code    12  ae_gpio.o(.text)
    GPIO_Configuration                       0x08002765   Thumb Code    34  ae_adc.o(.text)
    ADC_Configuration                        0x08002787   Thumb Code   118  ae_adc.o(.text)
    VoltageADC_Init                          0x080027fd   Thumb Code    12  ae_adc.o(.text)
    NVIC_PriorityGroupConfig                 0x08002811   Thumb Code    10  misc.o(.text)
    NVIC_Init                                0x0800281b   Thumb Code   100  misc.o(.text)
    NVIC_SetVectorTable                      0x0800287f   Thumb Code    14  misc.o(.text)
    NVIC_SystemLPConfig                      0x0800288d   Thumb Code    34  misc.o(.text)
    SysTick_CLKSourceConfig                  0x080028af   Thumb Code    40  misc.o(.text)
    ADC_DeInit                               0x080028ed   Thumb Code    78  stm32f10x_adc.o(.text)
    ADC_Init                                 0x0800293b   Thumb Code    70  stm32f10x_adc.o(.text)
    ADC_StructInit                           0x08002981   Thumb Code    18  stm32f10x_adc.o(.text)
    ADC_Cmd                                  0x08002993   Thumb Code    22  stm32f10x_adc.o(.text)
    ADC_DMACmd                               0x080029a9   Thumb Code    22  stm32f10x_adc.o(.text)
    ADC_ITConfig                             0x080029bf   Thumb Code    24  stm32f10x_adc.o(.text)
    ADC_ResetCalibration                     0x080029d7   Thumb Code    10  stm32f10x_adc.o(.text)
    ADC_GetResetCalibrationStatus            0x080029e1   Thumb Code    20  stm32f10x_adc.o(.text)
    ADC_StartCalibration                     0x080029f5   Thumb Code    10  stm32f10x_adc.o(.text)
    ADC_GetCalibrationStatus                 0x080029ff   Thumb Code    20  stm32f10x_adc.o(.text)
    ADC_SoftwareStartConvCmd                 0x08002a13   Thumb Code    22  stm32f10x_adc.o(.text)
    ADC_GetSoftwareStartConvStatus           0x08002a29   Thumb Code    20  stm32f10x_adc.o(.text)
    ADC_DiscModeChannelCountConfig           0x08002a3d   Thumb Code    24  stm32f10x_adc.o(.text)
    ADC_DiscModeCmd                          0x08002a55   Thumb Code    22  stm32f10x_adc.o(.text)
    ADC_RegularChannelConfig                 0x08002a6b   Thumb Code   184  stm32f10x_adc.o(.text)
    ADC_ExternalTrigConvCmd                  0x08002b23   Thumb Code    22  stm32f10x_adc.o(.text)
    ADC_GetConversionValue                   0x08002b39   Thumb Code     8  stm32f10x_adc.o(.text)
    ADC_GetDualModeConversionValue           0x08002b41   Thumb Code     8  stm32f10x_adc.o(.text)
    ADC_AutoInjectedConvCmd                  0x08002b49   Thumb Code    22  stm32f10x_adc.o(.text)
    ADC_InjectedDiscModeCmd                  0x08002b5f   Thumb Code    22  stm32f10x_adc.o(.text)
    ADC_ExternalTrigInjectedConvConfig       0x08002b75   Thumb Code    16  stm32f10x_adc.o(.text)
    ADC_ExternalTrigInjectedConvCmd          0x08002b85   Thumb Code    22  stm32f10x_adc.o(.text)
    ADC_SoftwareStartInjectedConvCmd         0x08002b9b   Thumb Code    22  stm32f10x_adc.o(.text)
    ADC_GetSoftwareStartInjectedConvCmdStatus 0x08002bb1   Thumb Code    20  stm32f10x_adc.o(.text)
    ADC_InjectedChannelConfig                0x08002bc5   Thumb Code   130  stm32f10x_adc.o(.text)
    ADC_InjectedSequencerLengthConfig        0x08002c47   Thumb Code    24  stm32f10x_adc.o(.text)
    ADC_SetInjectedOffset                    0x08002c5f   Thumb Code    20  stm32f10x_adc.o(.text)
    ADC_GetInjectedConversionValue           0x08002c73   Thumb Code    28  stm32f10x_adc.o(.text)
    ADC_AnalogWatchdogCmd                    0x08002c8f   Thumb Code    16  stm32f10x_adc.o(.text)
    ADC_AnalogWatchdogThresholdsConfig       0x08002c9f   Thumb Code     6  stm32f10x_adc.o(.text)
    ADC_AnalogWatchdogSingleChannelConfig    0x08002ca5   Thumb Code    16  stm32f10x_adc.o(.text)
    ADC_TempSensorVrefintCmd                 0x08002cb5   Thumb Code    64  stm32f10x_adc.o(.text)
    ADC_GetFlagStatus                        0x08002cf5   Thumb Code    18  stm32f10x_adc.o(.text)
    ADC_ClearFlag                            0x08002d07   Thumb Code     6  stm32f10x_adc.o(.text)
    ADC_GetITStatus                          0x08002d0d   Thumb Code    36  stm32f10x_adc.o(.text)
    ADC_ClearITPendingBit                    0x08002d31   Thumb Code    10  stm32f10x_adc.o(.text)
    FLASH_SetLatency                         0x08002d3d   Thumb Code    18  stm32f10x_flash.o(.text)
    FLASH_HalfCycleAccessCmd                 0x08002d4f   Thumb Code    22  stm32f10x_flash.o(.text)
    FLASH_PrefetchBufferCmd                  0x08002d65   Thumb Code    22  stm32f10x_flash.o(.text)
    FLASH_Unlock                             0x08002d7b   Thumb Code    12  stm32f10x_flash.o(.text)
    FLASH_UnlockBank1                        0x08002d87   Thumb Code    12  stm32f10x_flash.o(.text)
    FLASH_Lock                               0x08002d93   Thumb Code    14  stm32f10x_flash.o(.text)
    FLASH_LockBank1                          0x08002da1   Thumb Code    14  stm32f10x_flash.o(.text)
    FLASH_GetBank1Status                     0x08002daf   Thumb Code    48  stm32f10x_flash.o(.text)
    FLASH_WaitForLastOperation               0x08002ddf   Thumb Code    38  stm32f10x_flash.o(.text)
    FLASH_ErasePage                          0x08002e05   Thumb Code    72  stm32f10x_flash.o(.text)
    FLASH_EraseAllPages                      0x08002e4d   Thumb Code    68  stm32f10x_flash.o(.text)
    FLASH_WaitForLastBank1Operation          0x08002e91   Thumb Code    38  stm32f10x_flash.o(.text)
    FLASH_EraseAllBank1Pages                 0x08002eb7   Thumb Code    68  stm32f10x_flash.o(.text)
    FLASH_GetReadOutProtectionStatus         0x08002efb   Thumb Code    20  stm32f10x_flash.o(.text)
    FLASH_EraseOptionBytes                   0x08002f0f   Thumb Code   150  stm32f10x_flash.o(.text)
    FLASH_ProgramWord                        0x08002fa5   Thumb Code   102  stm32f10x_flash.o(.text)
    FLASH_ProgramHalfWord                    0x0800300b   Thumb Code    60  stm32f10x_flash.o(.text)
    FLASH_ProgramOptionByteData              0x08003047   Thumb Code    72  stm32f10x_flash.o(.text)
    FLASH_EnableWriteProtection              0x0800308f   Thumb Code   200  stm32f10x_flash.o(.text)
    FLASH_ReadOutProtection                  0x08003157   Thumb Code   156  stm32f10x_flash.o(.text)
    FLASH_UserOptionByteConfig               0x080031f3   Thumb Code    88  stm32f10x_flash.o(.text)
    FLASH_GetUserOptionByte                  0x0800324b   Thumb Code     8  stm32f10x_flash.o(.text)
    FLASH_GetWriteProtectionOptionByte       0x08003253   Thumb Code     6  stm32f10x_flash.o(.text)
    FLASH_GetPrefetchBufferStatus            0x08003259   Thumb Code    20  stm32f10x_flash.o(.text)
    FLASH_ITConfig                           0x0800326d   Thumb Code    26  stm32f10x_flash.o(.text)
    FLASH_GetFlagStatus                      0x08003287   Thumb Code    42  stm32f10x_flash.o(.text)
    FLASH_ClearFlag                          0x080032b1   Thumb Code     6  stm32f10x_flash.o(.text)
    FLASH_GetStatus                          0x080032b7   Thumb Code    48  stm32f10x_flash.o(.text)
    GPIO_DeInit                              0x080032f9   Thumb Code   172  stm32f10x_gpio.o(.text)
    GPIO_AFIODeInit                          0x080033a5   Thumb Code    20  stm32f10x_gpio.o(.text)
    GPIO_Init                                0x080033b9   Thumb Code   278  stm32f10x_gpio.o(.text)
    GPIO_StructInit                          0x080034cf   Thumb Code    16  stm32f10x_gpio.o(.text)
    GPIO_ReadInputDataBit                    0x080034df   Thumb Code    18  stm32f10x_gpio.o(.text)
    GPIO_ReadInputData                       0x080034f1   Thumb Code     8  stm32f10x_gpio.o(.text)
    GPIO_ReadOutputDataBit                   0x080034f9   Thumb Code    18  stm32f10x_gpio.o(.text)
    GPIO_ReadOutputData                      0x0800350b   Thumb Code     8  stm32f10x_gpio.o(.text)
    GPIO_SetBits                             0x08003513   Thumb Code     4  stm32f10x_gpio.o(.text)
    GPIO_ResetBits                           0x08003517   Thumb Code     4  stm32f10x_gpio.o(.text)
    GPIO_WriteBit                            0x0800351b   Thumb Code    10  stm32f10x_gpio.o(.text)
    GPIO_Write                               0x08003525   Thumb Code     4  stm32f10x_gpio.o(.text)
    GPIO_PinLockConfig                       0x08003529   Thumb Code    18  stm32f10x_gpio.o(.text)
    GPIO_EventOutputConfig                   0x0800353b   Thumb Code    26  stm32f10x_gpio.o(.text)
    GPIO_EventOutputCmd                      0x08003555   Thumb Code     6  stm32f10x_gpio.o(.text)
    GPIO_PinRemapConfig                      0x0800355b   Thumb Code   138  stm32f10x_gpio.o(.text)
    GPIO_EXTILineConfig                      0x080035e5   Thumb Code    66  stm32f10x_gpio.o(.text)
    GPIO_ETH_MediaInterfaceConfig            0x08003627   Thumb Code     8  stm32f10x_gpio.o(.text)
    RCC_DeInit                               0x08003655   Thumb Code    64  stm32f10x_rcc.o(.text)
    RCC_HSEConfig                            0x08003695   Thumb Code    70  stm32f10x_rcc.o(.text)
    RCC_GetFlagStatus                        0x080036db   Thumb Code    56  stm32f10x_rcc.o(.text)
    RCC_WaitForHSEStartUp                    0x08003713   Thumb Code    56  stm32f10x_rcc.o(.text)
    RCC_AdjustHSICalibrationValue            0x0800374b   Thumb Code    20  stm32f10x_rcc.o(.text)
    RCC_HSICmd                               0x0800375f   Thumb Code     6  stm32f10x_rcc.o(.text)
    RCC_PLLConfig                            0x08003765   Thumb Code    24  stm32f10x_rcc.o(.text)
    RCC_PLLCmd                               0x0800377d   Thumb Code     6  stm32f10x_rcc.o(.text)
    RCC_SYSCLKConfig                         0x08003783   Thumb Code    18  stm32f10x_rcc.o(.text)
    RCC_GetSYSCLKSource                      0x08003795   Thumb Code    10  stm32f10x_rcc.o(.text)
    RCC_HCLKConfig                           0x0800379f   Thumb Code    18  stm32f10x_rcc.o(.text)
    RCC_PCLK1Config                          0x080037b1   Thumb Code    18  stm32f10x_rcc.o(.text)
    RCC_PCLK2Config                          0x080037c3   Thumb Code    20  stm32f10x_rcc.o(.text)
    RCC_ITConfig                             0x080037d7   Thumb Code    26  stm32f10x_rcc.o(.text)
    RCC_USBCLKConfig                         0x080037f1   Thumb Code     8  stm32f10x_rcc.o(.text)
    RCC_ADCCLKConfig                         0x080037f9   Thumb Code    18  stm32f10x_rcc.o(.text)
    RCC_LSEConfig                            0x0800380b   Thumb Code    50  stm32f10x_rcc.o(.text)
    RCC_LSICmd                               0x0800383d   Thumb Code     6  stm32f10x_rcc.o(.text)
    RCC_RTCCLKConfig                         0x08003843   Thumb Code    12  stm32f10x_rcc.o(.text)
    RCC_RTCCLKCmd                            0x0800384f   Thumb Code     8  stm32f10x_rcc.o(.text)
    RCC_GetClocksFreq                        0x08003857   Thumb Code   192  stm32f10x_rcc.o(.text)
    RCC_AHBPeriphClockCmd                    0x08003917   Thumb Code    26  stm32f10x_rcc.o(.text)
    RCC_APB2PeriphClockCmd                   0x08003931   Thumb Code    26  stm32f10x_rcc.o(.text)
    RCC_APB1PeriphClockCmd                   0x0800394b   Thumb Code    26  stm32f10x_rcc.o(.text)
    RCC_APB2PeriphResetCmd                   0x08003965   Thumb Code    26  stm32f10x_rcc.o(.text)
    RCC_APB1PeriphResetCmd                   0x0800397f   Thumb Code    26  stm32f10x_rcc.o(.text)
    RCC_BackupResetCmd                       0x08003999   Thumb Code     8  stm32f10x_rcc.o(.text)
    RCC_ClockSecuritySystemCmd               0x080039a1   Thumb Code     6  stm32f10x_rcc.o(.text)
    RCC_MCOConfig                            0x080039a7   Thumb Code     6  stm32f10x_rcc.o(.text)
    RCC_ClearFlag                            0x080039ad   Thumb Code    14  stm32f10x_rcc.o(.text)
    RCC_GetITStatus                          0x080039bb   Thumb Code    20  stm32f10x_rcc.o(.text)
    RCC_ClearITPendingBit                    0x080039cf   Thumb Code     6  stm32f10x_rcc.o(.text)
    TIM_DeInit                               0x080039f9   Thumb Code   424  stm32f10x_tim.o(.text)
    TIM_TimeBaseInit                         0x08003ba1   Thumb Code   122  stm32f10x_tim.o(.text)
    TIM_OC1Init                              0x08003c1b   Thumb Code   132  stm32f10x_tim.o(.text)
    TIM_OC2Init                              0x08003c9f   Thumb Code   154  stm32f10x_tim.o(.text)
    TIM_OC3Init                              0x08003d39   Thumb Code   150  stm32f10x_tim.o(.text)
    TIM_OC4Init                              0x08003dcf   Thumb Code   182  stm32f10x_tim.o(.text)
    TIM_SetIC4Prescaler                      0x08003e85   Thumb Code    26  stm32f10x_tim.o(.text)
    TIM_SetIC3Prescaler                      0x08003f21   Thumb Code    18  stm32f10x_tim.o(.text)
    TIM_SetIC2Prescaler                      0x08003fad   Thumb Code    26  stm32f10x_tim.o(.text)
    TIM_SetIC1Prescaler                      0x08004049   Thumb Code    18  stm32f10x_tim.o(.text)
    TIM_ICInit                               0x080040c7   Thumb Code   150  stm32f10x_tim.o(.text)
    TIM_PWMIConfig                           0x0800415d   Thumb Code   124  stm32f10x_tim.o(.text)
    TIM_BDTRConfig                           0x080041d9   Thumb Code    32  stm32f10x_tim.o(.text)
    TIM_TimeBaseStructInit                   0x080041f9   Thumb Code    18  stm32f10x_tim.o(.text)
    TIM_OCStructInit                         0x0800420b   Thumb Code    20  stm32f10x_tim.o(.text)
    TIM_ICStructInit                         0x0800421f   Thumb Code    18  stm32f10x_tim.o(.text)
    TIM_BDTRStructInit                       0x08004231   Thumb Code    40  stm32f10x_tim.o(.text)
    TIM_Cmd                                  0x08004259   Thumb Code    24  stm32f10x_tim.o(.text)
    TIM_CtrlPWMOutputs                       0x08004271   Thumb Code    30  stm32f10x_tim.o(.text)
    TIM_ITConfig                             0x0800428f   Thumb Code    18  stm32f10x_tim.o(.text)
    TIM_GenerateEvent                        0x080042a1   Thumb Code     4  stm32f10x_tim.o(.text)
    TIM_DMAConfig                            0x080042a5   Thumb Code    10  stm32f10x_tim.o(.text)
    TIM_DMACmd                               0x080042af   Thumb Code    18  stm32f10x_tim.o(.text)
    TIM_InternalClockConfig                  0x080042c1   Thumb Code    12  stm32f10x_tim.o(.text)
    TIM_SelectInputTrigger                   0x080042cd   Thumb Code    18  stm32f10x_tim.o(.text)
    TIM_ITRxExternalClockConfig              0x080042df   Thumb Code    24  stm32f10x_tim.o(.text)
    TIM_TIxExternalClockConfig               0x080042f7   Thumb Code    62  stm32f10x_tim.o(.text)
    TIM_ETRConfig                            0x08004335   Thumb Code    28  stm32f10x_tim.o(.text)
    TIM_ETRClockMode1Config                  0x08004351   Thumb Code    54  stm32f10x_tim.o(.text)
    TIM_ETRClockMode2Config                  0x08004387   Thumb Code    32  stm32f10x_tim.o(.text)
    TIM_PrescalerConfig                      0x080043a7   Thumb Code     6  stm32f10x_tim.o(.text)
    TIM_CounterModeConfig                    0x080043ad   Thumb Code    18  stm32f10x_tim.o(.text)
    TIM_EncoderInterfaceConfig               0x080043bf   Thumb Code    66  stm32f10x_tim.o(.text)
    TIM_ForcedOC1Config                      0x08004401   Thumb Code    18  stm32f10x_tim.o(.text)
    TIM_ForcedOC2Config                      0x08004413   Thumb Code    26  stm32f10x_tim.o(.text)
    TIM_ForcedOC3Config                      0x0800442d   Thumb Code    18  stm32f10x_tim.o(.text)
    TIM_ForcedOC4Config                      0x0800443f   Thumb Code    26  stm32f10x_tim.o(.text)
    TIM_ARRPreloadConfig                     0x08004459   Thumb Code    24  stm32f10x_tim.o(.text)
    TIM_SelectCOM                            0x08004471   Thumb Code    24  stm32f10x_tim.o(.text)
    TIM_SelectCCDMA                          0x08004489   Thumb Code    24  stm32f10x_tim.o(.text)
    TIM_CCPreloadControl                     0x080044a1   Thumb Code    24  stm32f10x_tim.o(.text)
    TIM_OC1PreloadConfig                     0x080044b9   Thumb Code    18  stm32f10x_tim.o(.text)
    TIM_OC2PreloadConfig                     0x080044cb   Thumb Code    26  stm32f10x_tim.o(.text)
    TIM_OC3PreloadConfig                     0x080044e5   Thumb Code    18  stm32f10x_tim.o(.text)
    TIM_OC4PreloadConfig                     0x080044f7   Thumb Code    26  stm32f10x_tim.o(.text)
    TIM_OC1FastConfig                        0x08004511   Thumb Code    18  stm32f10x_tim.o(.text)
    TIM_OC2FastConfig                        0x08004523   Thumb Code    26  stm32f10x_tim.o(.text)
    TIM_OC3FastConfig                        0x0800453d   Thumb Code    18  stm32f10x_tim.o(.text)
    TIM_OC4FastConfig                        0x0800454f   Thumb Code    26  stm32f10x_tim.o(.text)
    TIM_ClearOC1Ref                          0x08004569   Thumb Code    18  stm32f10x_tim.o(.text)
    TIM_ClearOC2Ref                          0x0800457b   Thumb Code    24  stm32f10x_tim.o(.text)
    TIM_ClearOC3Ref                          0x08004593   Thumb Code    18  stm32f10x_tim.o(.text)
    TIM_ClearOC4Ref                          0x080045a5   Thumb Code    24  stm32f10x_tim.o(.text)
    TIM_OC1PolarityConfig                    0x080045bd   Thumb Code    18  stm32f10x_tim.o(.text)
    TIM_OC1NPolarityConfig                   0x080045cf   Thumb Code    18  stm32f10x_tim.o(.text)
    TIM_OC2PolarityConfig                    0x080045e1   Thumb Code    26  stm32f10x_tim.o(.text)
    TIM_OC2NPolarityConfig                   0x080045fb   Thumb Code    26  stm32f10x_tim.o(.text)
    TIM_OC3PolarityConfig                    0x08004615   Thumb Code    26  stm32f10x_tim.o(.text)
    TIM_OC3NPolarityConfig                   0x0800462f   Thumb Code    26  stm32f10x_tim.o(.text)
    TIM_OC4PolarityConfig                    0x08004649   Thumb Code    26  stm32f10x_tim.o(.text)
    TIM_CCxCmd                               0x08004663   Thumb Code    30  stm32f10x_tim.o(.text)
    TIM_CCxNCmd                              0x08004681   Thumb Code    30  stm32f10x_tim.o(.text)
    TIM_SelectOCxM                           0x0800469f   Thumb Code    82  stm32f10x_tim.o(.text)
    TIM_UpdateDisableConfig                  0x080046f1   Thumb Code    24  stm32f10x_tim.o(.text)
    TIM_UpdateRequestConfig                  0x08004709   Thumb Code    24  stm32f10x_tim.o(.text)
    TIM_SelectHallSensor                     0x08004721   Thumb Code    24  stm32f10x_tim.o(.text)
    TIM_SelectOnePulseMode                   0x08004739   Thumb Code    18  stm32f10x_tim.o(.text)
    TIM_SelectOutputTrigger                  0x0800474b   Thumb Code    18  stm32f10x_tim.o(.text)
    TIM_SelectSlaveMode                      0x0800475d   Thumb Code    18  stm32f10x_tim.o(.text)
    TIM_SelectMasterSlaveMode                0x0800476f   Thumb Code    18  stm32f10x_tim.o(.text)
    TIM_SetCounter                           0x08004781   Thumb Code     4  stm32f10x_tim.o(.text)
    TIM_SetAutoreload                        0x08004785   Thumb Code     4  stm32f10x_tim.o(.text)
    TIM_SetCompare1                          0x08004789   Thumb Code     4  stm32f10x_tim.o(.text)
    TIM_SetCompare2                          0x0800478d   Thumb Code     4  stm32f10x_tim.o(.text)
    TIM_SetCompare3                          0x08004791   Thumb Code     4  stm32f10x_tim.o(.text)
    TIM_SetCompare4                          0x08004795   Thumb Code     6  stm32f10x_tim.o(.text)
    TIM_SetClockDivision                     0x0800479b   Thumb Code    18  stm32f10x_tim.o(.text)
    TIM_GetCapture1                          0x080047ad   Thumb Code     6  stm32f10x_tim.o(.text)
    TIM_GetCapture2                          0x080047b3   Thumb Code     6  stm32f10x_tim.o(.text)
    TIM_GetCapture3                          0x080047b9   Thumb Code     6  stm32f10x_tim.o(.text)
    TIM_GetCapture4                          0x080047bf   Thumb Code     8  stm32f10x_tim.o(.text)
    TIM_GetCounter                           0x080047c7   Thumb Code     6  stm32f10x_tim.o(.text)
    TIM_GetPrescaler                         0x080047cd   Thumb Code     6  stm32f10x_tim.o(.text)
    TIM_GetFlagStatus                        0x080047d3   Thumb Code    18  stm32f10x_tim.o(.text)
    TIM_ClearFlag                            0x080047e5   Thumb Code     6  stm32f10x_tim.o(.text)
    TIM_GetITStatus                          0x080047eb   Thumb Code    34  stm32f10x_tim.o(.text)
    TIM_ClearITPendingBit                    0x0800480d   Thumb Code     6  stm32f10x_tim.o(.text)
    USART_DeInit                             0x08004815   Thumb Code   134  stm32f10x_usart.o(.text)
    USART_Init                               0x0800489b   Thumb Code   210  stm32f10x_usart.o(.text)
    USART_StructInit                         0x0800496d   Thumb Code    24  stm32f10x_usart.o(.text)
    USART_ClockInit                          0x08004985   Thumb Code    34  stm32f10x_usart.o(.text)
    USART_ClockStructInit                    0x080049a7   Thumb Code    12  stm32f10x_usart.o(.text)
    USART_Cmd                                0x080049b3   Thumb Code    24  stm32f10x_usart.o(.text)
    USART_ITConfig                           0x080049cb   Thumb Code    74  stm32f10x_usart.o(.text)
    USART_DMACmd                             0x08004a15   Thumb Code    18  stm32f10x_usart.o(.text)
    USART_SetAddress                         0x08004a27   Thumb Code    18  stm32f10x_usart.o(.text)
    USART_WakeUpConfig                       0x08004a39   Thumb Code    18  stm32f10x_usart.o(.text)
    USART_ReceiverWakeUpCmd                  0x08004a4b   Thumb Code    24  stm32f10x_usart.o(.text)
    USART_LINBreakDetectLengthConfig         0x08004a63   Thumb Code    18  stm32f10x_usart.o(.text)
    USART_LINCmd                             0x08004a75   Thumb Code    24  stm32f10x_usart.o(.text)
    USART_SendData                           0x08004a8d   Thumb Code     8  stm32f10x_usart.o(.text)
    USART_ReceiveData                        0x08004a95   Thumb Code    10  stm32f10x_usart.o(.text)
    USART_SendBreak                          0x08004a9f   Thumb Code    10  stm32f10x_usart.o(.text)
    USART_SetGuardTime                       0x08004aa9   Thumb Code    16  stm32f10x_usart.o(.text)
    USART_SetPrescaler                       0x08004ab9   Thumb Code    16  stm32f10x_usart.o(.text)
    USART_SmartCardCmd                       0x08004ac9   Thumb Code    24  stm32f10x_usart.o(.text)
    USART_SmartCardNACKCmd                   0x08004ae1   Thumb Code    24  stm32f10x_usart.o(.text)
    USART_HalfDuplexCmd                      0x08004af9   Thumb Code    24  stm32f10x_usart.o(.text)
    USART_OverSampling8Cmd                   0x08004b11   Thumb Code    22  stm32f10x_usart.o(.text)
    USART_OneBitMethodCmd                    0x08004b27   Thumb Code    24  stm32f10x_usart.o(.text)
    USART_IrDAConfig                         0x08004b3f   Thumb Code    18  stm32f10x_usart.o(.text)
    USART_IrDACmd                            0x08004b51   Thumb Code    24  stm32f10x_usart.o(.text)
    USART_GetFlagStatus                      0x08004b69   Thumb Code    26  stm32f10x_usart.o(.text)
    USART_ClearFlag                          0x08004b83   Thumb Code    18  stm32f10x_usart.o(.text)
    USART_GetITStatus                        0x08004b95   Thumb Code    84  stm32f10x_usart.o(.text)
    USART_ClearITPendingBit                  0x08004be9   Thumb Code    52  stm32f10x_usart.o(.text)
    Reset_Handler                            0x08004c1d   Thumb Code     8  startup_stm32f10x_md.o(.text)
    NMI_Handler                              0x08004c25   Thumb Code     2  startup_stm32f10x_md.o(.text)
    HardFault_Handler                        0x08004c27   Thumb Code     2  startup_stm32f10x_md.o(.text)
    MemManage_Handler                        0x08004c29   Thumb Code     2  startup_stm32f10x_md.o(.text)
    BusFault_Handler                         0x08004c2b   Thumb Code     2  startup_stm32f10x_md.o(.text)
    UsageFault_Handler                       0x08004c2d   Thumb Code     2  startup_stm32f10x_md.o(.text)
    SVC_Handler                              0x08004c2f   Thumb Code     2  startup_stm32f10x_md.o(.text)
    DebugMon_Handler                         0x08004c31   Thumb Code     2  startup_stm32f10x_md.o(.text)
    PendSV_Handler                           0x08004c33   Thumb Code     2  startup_stm32f10x_md.o(.text)
    SysTick_Handler                          0x08004c35   Thumb Code     2  startup_stm32f10x_md.o(.text)
    ADC1_2_IRQHandler                        0x08004c37   Thumb Code     0  startup_stm32f10x_md.o(.text)
    CAN1_RX1_IRQHandler                      0x08004c37   Thumb Code     0  startup_stm32f10x_md.o(.text)
    CAN1_SCE_IRQHandler                      0x08004c37   Thumb Code     0  startup_stm32f10x_md.o(.text)
    DMA1_Channel1_IRQHandler                 0x08004c37   Thumb Code     0  startup_stm32f10x_md.o(.text)
    DMA1_Channel2_IRQHandler                 0x08004c37   Thumb Code     0  startup_stm32f10x_md.o(.text)
    DMA1_Channel3_IRQHandler                 0x08004c37   Thumb Code     0  startup_stm32f10x_md.o(.text)
    DMA1_Channel4_IRQHandler                 0x08004c37   Thumb Code     0  startup_stm32f10x_md.o(.text)
    DMA1_Channel5_IRQHandler                 0x08004c37   Thumb Code     0  startup_stm32f10x_md.o(.text)
    DMA1_Channel6_IRQHandler                 0x08004c37   Thumb Code     0  startup_stm32f10x_md.o(.text)
    DMA1_Channel7_IRQHandler                 0x08004c37   Thumb Code     0  startup_stm32f10x_md.o(.text)
    EXTI0_IRQHandler                         0x08004c37   Thumb Code     0  startup_stm32f10x_md.o(.text)
    EXTI15_10_IRQHandler                     0x08004c37   Thumb Code     0  startup_stm32f10x_md.o(.text)
    EXTI1_IRQHandler                         0x08004c37   Thumb Code     0  startup_stm32f10x_md.o(.text)
    EXTI2_IRQHandler                         0x08004c37   Thumb Code     0  startup_stm32f10x_md.o(.text)
    EXTI3_IRQHandler                         0x08004c37   Thumb Code     0  startup_stm32f10x_md.o(.text)
    EXTI4_IRQHandler                         0x08004c37   Thumb Code     0  startup_stm32f10x_md.o(.text)
    EXTI9_5_IRQHandler                       0x08004c37   Thumb Code     0  startup_stm32f10x_md.o(.text)
    FLASH_IRQHandler                         0x08004c37   Thumb Code     0  startup_stm32f10x_md.o(.text)
    I2C1_ER_IRQHandler                       0x08004c37   Thumb Code     0  startup_stm32f10x_md.o(.text)
    I2C1_EV_IRQHandler                       0x08004c37   Thumb Code     0  startup_stm32f10x_md.o(.text)
    I2C2_ER_IRQHandler                       0x08004c37   Thumb Code     0  startup_stm32f10x_md.o(.text)
    I2C2_EV_IRQHandler                       0x08004c37   Thumb Code     0  startup_stm32f10x_md.o(.text)
    PVD_IRQHandler                           0x08004c37   Thumb Code     0  startup_stm32f10x_md.o(.text)
    RCC_IRQHandler                           0x08004c37   Thumb Code     0  startup_stm32f10x_md.o(.text)
    RTCAlarm_IRQHandler                      0x08004c37   Thumb Code     0  startup_stm32f10x_md.o(.text)
    RTC_IRQHandler                           0x08004c37   Thumb Code     0  startup_stm32f10x_md.o(.text)
    SPI1_IRQHandler                          0x08004c37   Thumb Code     0  startup_stm32f10x_md.o(.text)
    SPI2_IRQHandler                          0x08004c37   Thumb Code     0  startup_stm32f10x_md.o(.text)
    TAMPER_IRQHandler                        0x08004c37   Thumb Code     0  startup_stm32f10x_md.o(.text)
    TIM1_BRK_IRQHandler                      0x08004c37   Thumb Code     0  startup_stm32f10x_md.o(.text)
    TIM1_CC_IRQHandler                       0x08004c37   Thumb Code     0  startup_stm32f10x_md.o(.text)
    TIM1_TRG_COM_IRQHandler                  0x08004c37   Thumb Code     0  startup_stm32f10x_md.o(.text)
    TIM2_IRQHandler                          0x08004c37   Thumb Code     0  startup_stm32f10x_md.o(.text)
    TIM3_IRQHandler                          0x08004c37   Thumb Code     0  startup_stm32f10x_md.o(.text)
    TIM4_IRQHandler                          0x08004c37   Thumb Code     0  startup_stm32f10x_md.o(.text)
    USART3_IRQHandler                        0x08004c37   Thumb Code     0  startup_stm32f10x_md.o(.text)
    USBWakeUp_IRQHandler                     0x08004c37   Thumb Code     0  startup_stm32f10x_md.o(.text)
    USB_HP_CAN1_TX_IRQHandler                0x08004c37   Thumb Code     0  startup_stm32f10x_md.o(.text)
    USB_LP_CAN1_RX0_IRQHandler               0x08004c37   Thumb Code     0  startup_stm32f10x_md.o(.text)
    WWDG_IRQHandler                          0x08004c37   Thumb Code     0  startup_stm32f10x_md.o(.text)
    SystemInit                               0x08004d1f   Thumb Code    78  system_stm32f10x.o(.text)
    SystemCoreClockUpdate                    0x08004d6d   Thumb Code   142  system_stm32f10x.o(.text)
    strtok                                   0x08004e21   Thumb Code    62  strtok.o(.text)
    atoi                                     0x08004e65   Thumb Code    26  atoi.o(.text)
    __aeabi_fmul                             0x08004e7f   Thumb Code   100  fmul.o(.text)
    __aeabi_fdiv                             0x08004ee3   Thumb Code   124  fdiv.o(.text)
    __aeabi_dadd                             0x08004f5f   Thumb Code   322  dadd.o(.text)
    __aeabi_dsub                             0x080050a1   Thumb Code     6  dadd.o(.text)
    __aeabi_drsub                            0x080050a7   Thumb Code     6  dadd.o(.text)
    __aeabi_dmul                             0x080050ad   Thumb Code   228  dmul.o(.text)
    __aeabi_ddiv                             0x08005191   Thumb Code   222  ddiv.o(.text)
    __aeabi_i2f                              0x0800526f   Thumb Code    18  fflti.o(.text)
    __aeabi_i2d                              0x08005281   Thumb Code    34  dflti.o(.text)
    __aeabi_ui2d                             0x080052a3   Thumb Code    26  dfltui.o(.text)
    __aeabi_f2uiz                            0x080052bd   Thumb Code    40  ffixui.o(.text)
    __aeabi_d2iz                             0x080052e5   Thumb Code    62  dfixi.o(.text)
    __aeabi_d2uiz                            0x08005323   Thumb Code    50  dfixui.o(.text)
    __aeabi_cdcmpeq                          0x08005355   Thumb Code     0  cdcmple.o(.text)
    __aeabi_cdcmple                          0x08005355   Thumb Code    38  cdcmple.o(.text)
    __aeabi_cdrcmple                         0x0800537d   Thumb Code    38  cdrcmple.o(.text)
    __aeabi_uidiv                            0x080053a5   Thumb Code     0  uidiv.o(.text)
    __aeabi_uidivmod                         0x080053a5   Thumb Code    44  uidiv.o(.text)
    __aeabi_uldivmod                         0x080053d1   Thumb Code    98  uldiv.o(.text)
    __aeabi_llsl                             0x08005433   Thumb Code    30  llshl.o(.text)
    _ll_shift_l                              0x08005433   Thumb Code     0  llshl.o(.text)
    __aeabi_llsr                             0x08005451   Thumb Code    32  llushr.o(.text)
    _ll_ushift_r                             0x08005451   Thumb Code     0  llushr.o(.text)
    __aeabi_lasr                             0x08005471   Thumb Code    36  llsshr.o(.text)
    _ll_sshift_r                             0x08005471   Thumb Code     0  llsshr.o(.text)
    __strtod_int                             0x080054cb   Thumb Code    88  strtod.o(.text)
    strtol                                   0x08005531   Thumb Code   112  strtol.o(.text)
    __I$use$fp                               0x080055a1   Thumb Code     0  iusefp.o(.text)
    _float_round                             0x080055a1   Thumb Code    18  fepilogue.o(.text)
    _float_epilogue                          0x080055b3   Thumb Code    92  fepilogue.o(.text)
    _double_round                            0x0800560f   Thumb Code    26  depilogue.o(.text)
    _double_epilogue                         0x08005629   Thumb Code   156  depilogue.o(.text)
    __aeabi_d2ulz                            0x080056c5   Thumb Code    48  dfixul.o(.text)
    __scatterload                            0x080056f5   Thumb Code    28  init.o(.text)
    __scatterload_rt2                        0x080056f5   Thumb Code     0  init.o(.text)
    __rt_ctype_table                         0x08005719   Thumb Code     4  ctype_o.o(.text)
    isspace                                  0x08005721   Thumb Code    18  isspace_o.o(.text)
    _scanf_real                              0x08005835   Thumb Code     0  scanf_fp.o(.text)
    _scanf_really_real                       0x08005835   Thumb Code   556  scanf_fp.o(.text)
    _sgetc                                   0x08005a6d   Thumb Code    30  _sgetc.o(.text)
    _sbackspace                              0x08005a8b   Thumb Code    34  _sgetc.o(.text)
    _strtoul                                 0x08005aad   Thumb Code   158  _strtoul.o(.text)
    __ARM_scalbn                             0x08005b4b   Thumb Code    46  dscalb.o(.text)
    scalbn                                   0x08005b4b   Thumb Code     0  dscalb.o(.text)
    _chval                                   0x08005b79   Thumb Code    28  _chval.o(.text)
    __aeabi_ul2d                             0x08005b95   Thumb Code    24  dfltul.o(.text)
    __aeabi_d2f                              0x08005bad   Thumb Code    56  d2f.o(.text)
    __decompress                             0x08005be5   Thumb Code     0  __dczerorl2.o(.text)
    __decompress1                            0x08005be5   Thumb Code    86  __dczerorl2.o(.text)
    __0printf                                0x08005c3d   Thumb Code    22  printfa.o(i.__0printf)
    __1printf                                0x08005c3d   Thumb Code     0  printfa.o(i.__0printf)
    __2printf                                0x08005c3d   Thumb Code     0  printfa.o(i.__0printf)
    __c89printf                              0x08005c3d   Thumb Code     0  printfa.o(i.__0printf)
    printf                                   0x08005c3d   Thumb Code     0  printfa.o(i.__0printf)
    __ARM_fpclassify                         0x08005c5d   Thumb Code    40  fpclassify.o(i.__ARM_fpclassify)
    __aeabi_errno_addr                       0x08005c85   Thumb Code     4  errno.o(i.__aeabi_errno_addr)
    __rt_errno_addr                          0x08005c85   Thumb Code     0  errno.o(i.__aeabi_errno_addr)
    __kernel_poly                            0x08005c8d   Thumb Code   170  poly.o(i.__kernel_poly)
    __mathlib_dbl_underflow                  0x08005d39   Thumb Code    10  dunder.o(i.__mathlib_dbl_underflow)
    __read_errno                             0x08005d49   Thumb Code     6  errno.o(i.__read_errno)
    __scatterload_copy                       0x08005d55   Thumb Code    14  handlers.o(i.__scatterload_copy)
    __scatterload_null                       0x08005d63   Thumb Code     2  handlers.o(i.__scatterload_null)
    __scatterload_zeroinit                   0x08005d65   Thumb Code    14  handlers.o(i.__scatterload_zeroinit)
    __set_errno                              0x08005d75   Thumb Code     6  errno.o(i.__set_errno)
    _is_digit                                0x08005ee5   Thumb Code    14  scanf_fp.o(i._is_digit)
    atan                                     0x08006625   Thumb Code   478  atan.o(i.atan)
    atan2                                    0x08006849   Thumb Code   346  atan2.o(i.atan2)
    atof                                     0x080069c9   Thumb Code    42  atof.o(i.atof)
    __mathlib_zero                           0x08006a90   Data           8  qnan.o(.constdata)
    __ctype_table                            0x08006a98   Data         129  ctype_o.o(.constdata)
    Region$$Table$$Base                      0x08006b20   Number         0  anon$$obj.o(Region$$Table)
    Region$$Table$$Limit                     0x08006b40   Number         0  anon$$obj.o(Region$$Table)
    RxCnt                                    0x20000000   Data           1  main.o(.data)
    LowVolCnt                                0x20000004   Data           4  main.o(.data)
    LedCnt                                   0x20000008   Data           4  main.o(.data)
    LowVolFlag                               0x2000000c   Data           1  main.o(.data)
    Baud                                     0x20000014   Data           4  ae_usart.o(.data)
    SendAnglePID                             0x20000018   Data           1  ae_com.o(.data)
    SendVelocityPID                          0x20000019   Data           1  ae_com.o(.data)
    SendTurnPID                              0x2000001a   Data           1  ae_com.o(.data)
    SendComp                                 0x2000001b   Data           1  ae_com.o(.data)
    SendKalman                               0x2000001c   Data           1  ae_com.o(.data)
    SendInfo                                 0x2000001d   Data           1  ae_com.o(.data)
    SendSetting                              0x2000001e   Data           1  ae_com.o(.data)
    SendIMU                                  0x2000001f   Data           1  ae_com.o(.data)
    SendPWM                                  0x20000020   Data           1  ae_com.o(.data)
    FlagStopMotor                            0x20000021   Data           1  ae_com.o(.data)
    FlagCalibGyro                            0x20000022   Data           1  ae_com.o(.data)
    FlagCalibMotor                           0x20000023   Data           1  ae_com.o(.data)
    FlagReset                                0x20000024   Data           1  ae_com.o(.data)
    FlagSave                                 0x20000025   Data           1  ae_com.o(.data)
    FlagNewSample                            0x20000026   Data           1  ae_com.o(.data)
    FlagNewPWM                               0x20000027   Data           1  ae_com.o(.data)
    CfgADP                                   0x20000028   Data           8  ae_com.o(.data)
    CfgADI                                   0x20000030   Data           8  ae_com.o(.data)
    CfgADD                                   0x20000038   Data           8  ae_com.o(.data)
    CfgZeroAngle                             0x20000040   Data           8  ae_com.o(.data)
    CfgControlAngleLimit                     0x20000048   Data           8  ae_com.o(.data)
    CfgTurningLimit                          0x20000050   Data           8  ae_com.o(.data)
    CfgVDP                                   0x20000058   Data           8  ae_com.o(.data)
    CfgVDI                                   0x20000060   Data           8  ae_com.o(.data)
    CfgVDD                                   0x20000068   Data           8  ae_com.o(.data)
    CfgVL                                    0x20000070   Data           4  ae_com.o(.data)
    CfgTDP                                   0x20000078   Data           8  ae_com.o(.data)
    CfgTDI                                   0x20000080   Data           8  ae_com.o(.data)
    CfgTDD                                   0x20000088   Data           8  ae_com.o(.data)
    FreqPWM                                  0x20000090   Data           4  ae_com.o(.data)
    SamplePeriod                             0x20000094   Data           2  ae_com.o(.data)
    Coefficient                              0x20000098   Data           8  ae_com.o(.data)
    Qangle                                   0x200000a0   Data           8  ae_com.o(.data)
    Qbias                                    0x200000a8   Data           8  ae_com.o(.data)
    Rmeasure                                 0x200000b0   Data           8  ae_com.o(.data)
    AngleXacc                                0x200000b8   Data           8  ae_com.o(.data)
    AngleXgyro                               0x200000c0   Data           8  ae_com.o(.data)
    AngleComp                                0x200000c8   Data           8  ae_com.o(.data)
    AngleKalman                              0x200000d0   Data           8  ae_com.o(.data)
    SppData1                                 0x200000d8   Data           8  ae_com.o(.data)
    SppData2                                 0x200000e0   Data           8  ae_com.o(.data)
    Firmware                                 0x200000e8   Data          15  ae_com.o(.data)
    Voltage                                  0x200000f8   Data           8  ae_com.o(.data)
    CalibAngleCnt                            0x20000100   Data           2  ae_angle.o(.data)
    XgyroRateCalibBuffer                     0x20000108   Data           8  ae_angle.o(.data)
    XgyroRateZero                            0x20000110   Data           8  ae_angle.o(.data)
    XgyroRate                                0x20000118   Data           8  ae_angle.o(.data)
    XaccAngle                                0x20000120   Data           8  ae_angle.o(.data)
    XaccAngle1                               0x20000128   Data           8  ae_angle.o(.data)
    E1                                       0x20000130   Data           4  ae_angle.o(.data)
    E2                                       0x20000134   Data           4  ae_angle.o(.data)
    Car_Angle                                0x20000138   Data           8  ae_angle.o(.data)
    FirstFlag                                0x20000140   Data           2  ae_comp.o(.data)
    IAngle                                   0x20000148   Data           8  ae_control.o(.data)
    PIDVelocity                              0x20000150   Data           8  ae_control.o(.data)
    CarSpeed                                 0x20000158   Data           8  ae_control.o(.data)
    LastSpeed                                0x20000160   Data           8  ae_control.o(.data)
    ISpeed                                   0x20000168   Data           4  ae_control.o(.data)
    PIDTurn                                  0x20000170   Data           8  ae_control.o(.data)
    LastDiffSpeed                            0x20000178   Data           8  ae_control.o(.data)
    CarDiffSpeed                             0x20000180   Data           8  ae_control.o(.data)
    ITurn                                    0x20000188   Data           8  ae_control.o(.data)
    CurrentSppData2                          0x20000190   Data           8  ae_control.o(.data)
    LayingDown                               0x20000198   Data           2  ae_control.o(.data)
    SpeedControlCnt                          0x2000019a   Data           1  ae_control.o(.data)
    LeftCount                                0x2000019c   Data           2  ae_encode.o(.data)
    RightCount                               0x2000019e   Data           2  ae_encode.o(.data)
    LastLeftCount                            0x200001a0   Data           2  ae_encode.o(.data)
    LastRightCount                           0x200001a2   Data           2  ae_encode.o(.data)
    LeftDiff                                 0x200001a4   Data           2  ae_encode.o(.data)
    RightDiff                                0x200001a6   Data           2  ae_encode.o(.data)
    SystemCoreClock                          0x200001bc   Data           4  system_stm32f10x.o(.data)
    AHBPrescTable                            0x200001c0   Data          16  system_stm32f10x.o(.data)
    __stdout                                 0x200001d4   Data           4  stdout.o(.data)
    RxBuff                                   0x200001dc   Data          50  main.o(.bss)
    data1                                    0x20000210   Data         160  ae_com.o(.bss)
    data2                                    0x200002b0   Data          20  ae_com.o(.bss)
    __initial_sp                             0x200006c8   Data           0  startup_stm32f10x_md.o(STACK)



==============================================================================

Memory Map of the image

  Image Entry point : 0x080000ed

  Load Region LR_IROM1 (Base: 0x08000000, Size: 0x00006d1c, Max: 0x00020000, ABSOLUTE, COMPRESSED[0x00006b78])

    Execution Region ER_IROM1 (Base: 0x08000000, Size: 0x00006b40, Max: 0x00020000, ABSOLUTE)

    Base Addr    Size         Type   Attr      Idx    E Section Name        Object

    0x08000000   0x000000ec   Data   RO          613    RESET               startup_stm32f10x_md.o
    0x080000ec   0x00000000   Code   RO          666  * .ARM.Collect$$$$00000000  mc_w.l(entry.o)
    0x080000ec   0x00000004   Code   RO          975    .ARM.Collect$$$$00000001  mc_w.l(entry2.o)
    0x080000f0   0x00000004   Code   RO          978    .ARM.Collect$$$$00000004  mc_w.l(entry5.o)
    0x080000f4   0x00000000   Code   RO          980    .ARM.Collect$$$$00000008  mc_w.l(entry7b.o)
    0x080000f4   0x00000000   Code   RO          982    .ARM.Collect$$$$0000000A  mc_w.l(entry8b.o)
    0x080000f4   0x00000008   Code   RO          983    .ARM.Collect$$$$0000000B  mc_w.l(entry9a.o)
    0x080000fc   0x00000000   Code   RO          985    .ARM.Collect$$$$0000000D  mc_w.l(entry10a.o)
    0x080000fc   0x00000000   Code   RO          987    .ARM.Collect$$$$0000000F  mc_w.l(entry11a.o)
    0x080000fc   0x00000004   Code   RO          976    .ARM.Collect$$$$00002712  mc_w.l(entry2.o)
    0x08000100   0x00000264   Code   RO            3    .text               main.o
    0x08000364   0x00000280   Code   RO          170    .text               ae_i2c.o
    0x080005e4   0x000000c8   Code   RO          193    .text               systickdelay.o
    0x080006ac   0x00000180   Code   RO          215    .text               ae_mpu6050.o
    0x0800082c   0x00000218   Code   RO          235    .text               ae_usart.o
    0x08000a44   0x00000958   Code   RO          258    .text               ae_com.o
    0x0800139c   0x000001fc   Code   RO          292    .text               ae_angle.o
    0x08001598   0x000000c0   Code   RO          319    .text               ae_comp.o
    0x08001658   0x00000a60   Code   RO          342    .text               ae_control.o
    0x080020b8   0x000003f4   Code   RO          368    .text               ae_vnh5160.o
    0x080024ac   0x00000150   Code   RO          388    .text               ae_encode.o
    0x080025fc   0x00000104   Code   RO          411    .text               ae_flash.o
    0x08002700   0x00000064   Code   RO          431    .text               ae_gpio.o
    0x08002764   0x000000ac   Code   RO          451    .text               ae_adc.o
    0x08002810   0x000000dc   Code   RO          471    .text               misc.o
    0x080028ec   0x0000044e   Code   RO          491    .text               stm32f10x_adc.o
    0x08002d3a   0x00000002   PAD
    0x08002d3c   0x000005bc   Code   RO          511    .text               stm32f10x_flash.o
    0x080032f8   0x0000035c   Code   RO          531    .text               stm32f10x_gpio.o
    0x08003654   0x000003a4   Code   RO          551    .text               stm32f10x_rcc.o
    0x080039f8   0x00000e1a   Code   RO          573    .text               stm32f10x_tim.o
    0x08004812   0x00000002   PAD
    0x08004814   0x00000408   Code   RO          593    .text               stm32f10x_usart.o
    0x08004c1c   0x00000024   Code   RO          614    .text               startup_stm32f10x_md.o
    0x08004c40   0x000001e0   Code   RO          620    .text               system_stm32f10x.o
    0x08004e20   0x00000044   Code   RO          669    .text               mc_w.l(strtok.o)
    0x08004e64   0x0000001a   Code   RO          936    .text               mc_w.l(atoi.o)
    0x08004e7e   0x00000064   Code   RO          938    .text               mf_w.l(fmul.o)
    0x08004ee2   0x0000007c   Code   RO          940    .text               mf_w.l(fdiv.o)
    0x08004f5e   0x0000014e   Code   RO          942    .text               mf_w.l(dadd.o)
    0x080050ac   0x000000e4   Code   RO          944    .text               mf_w.l(dmul.o)
    0x08005190   0x000000de   Code   RO          946    .text               mf_w.l(ddiv.o)
    0x0800526e   0x00000012   Code   RO          948    .text               mf_w.l(fflti.o)
    0x08005280   0x00000022   Code   RO          950    .text               mf_w.l(dflti.o)
    0x080052a2   0x0000001a   Code   RO          952    .text               mf_w.l(dfltui.o)
    0x080052bc   0x00000028   Code   RO          954    .text               mf_w.l(ffixui.o)
    0x080052e4   0x0000003e   Code   RO          956    .text               mf_w.l(dfixi.o)
    0x08005322   0x00000032   Code   RO          958    .text               mf_w.l(dfixui.o)
    0x08005354   0x00000028   Code   RO          960    .text               mf_w.l(cdcmple.o)
    0x0800537c   0x00000028   Code   RO          962    .text               mf_w.l(cdrcmple.o)
    0x080053a4   0x0000002c   Code   RO          990    .text               mc_w.l(uidiv.o)
    0x080053d0   0x00000062   Code   RO          992    .text               mc_w.l(uldiv.o)
    0x08005432   0x0000001e   Code   RO          994    .text               mc_w.l(llshl.o)
    0x08005450   0x00000020   Code   RO          996    .text               mc_w.l(llushr.o)
    0x08005470   0x00000024   Code   RO          998    .text               mc_w.l(llsshr.o)
    0x08005494   0x0000009c   Code   RO         1007    .text               mc_w.l(strtod.o)
    0x08005530   0x00000070   Code   RO         1009    .text               mc_w.l(strtol.o)
    0x080055a0   0x00000000   Code   RO         1011    .text               mc_w.l(iusefp.o)
    0x080055a0   0x0000006e   Code   RO         1012    .text               mf_w.l(fepilogue.o)
    0x0800560e   0x000000b6   Code   RO         1014    .text               mf_w.l(depilogue.o)
    0x080056c4   0x00000030   Code   RO         1016    .text               mf_w.l(dfixul.o)
    0x080056f4   0x00000024   Code   RO         1024    .text               mc_w.l(init.o)
    0x08005718   0x00000008   Code   RO         1028    .text               mc_w.l(ctype_o.o)
    0x08005720   0x00000012   Code   RO         1050    .text               mc_w.l(isspace_o.o)
    0x08005732   0x00000002   PAD
    0x08005734   0x00000338   Code   RO         1056    .text               mc_w.l(scanf_fp.o)
    0x08005a6c   0x00000040   Code   RO         1060    .text               mc_w.l(_sgetc.o)
    0x08005aac   0x0000009e   Code   RO         1062    .text               mc_w.l(_strtoul.o)
    0x08005b4a   0x0000002e   Code   RO         1064    .text               mf_w.l(dscalb.o)
    0x08005b78   0x0000001c   Code   RO         1069    .text               mc_w.l(_chval.o)
    0x08005b94   0x00000018   Code   RO         1071    .text               mf_w.l(dfltul.o)
    0x08005bac   0x00000038   Code   RO         1073    .text               mf_w.l(d2f.o)
    0x08005be4   0x00000056   Code   RO         1083    .text               mc_w.l(__dczerorl2.o)
    0x08005c3a   0x00000002   PAD
    0x08005c3c   0x00000020   Code   RO          908    i.__0printf         mc_w.l(printfa.o)
    0x08005c5c   0x00000028   Code   RO         1020    i.__ARM_fpclassify  m_ws.l(fpclassify.o)
    0x08005c84   0x00000008   Code   RO         1000    i.__aeabi_errno_addr  mc_w.l(errno.o)
    0x08005c8c   0x000000aa   Code   RO         1022    i.__kernel_poly     m_ws.l(poly.o)
    0x08005d36   0x00000002   PAD
    0x08005d38   0x00000010   Code   RO         1018    i.__mathlib_dbl_underflow  m_ws.l(dunder.o)
    0x08005d48   0x0000000c   Code   RO         1001    i.__read_errno      mc_w.l(errno.o)
    0x08005d54   0x0000000e   Code   RO         1077    i.__scatterload_copy  mc_w.l(handlers.o)
    0x08005d62   0x00000002   Code   RO         1078    i.__scatterload_null  mc_w.l(handlers.o)
    0x08005d64   0x0000000e   Code   RO         1079    i.__scatterload_zeroinit  mc_w.l(handlers.o)
    0x08005d72   0x00000002   PAD
    0x08005d74   0x0000000c   Code   RO         1002    i.__set_errno       mc_w.l(errno.o)
    0x08005d80   0x00000164   Code   RO          915    i._fp_digits        mc_w.l(printfa.o)
    0x08005ee4   0x0000000e   Code   RO         1058    i._is_digit         mc_w.l(scanf_fp.o)
    0x08005ef2   0x00000002   PAD
    0x08005ef4   0x000006dc   Code   RO          916    i._printf_core      mc_w.l(printfa.o)
    0x080065d0   0x00000024   Code   RO          917    i._printf_post_padding  mc_w.l(printfa.o)
    0x080065f4   0x0000002e   Code   RO          918    i._printf_pre_padding  mc_w.l(printfa.o)
    0x08006622   0x00000002   PAD
    0x08006624   0x00000224   Code   RO          965    i.atan              m_ws.l(atan.o)
    0x08006848   0x00000180   Code   RO          655    i.atan2             m_ws.l(atan2.o)
    0x080069c8   0x0000002a   Code   RO          663    i.atof              m_ws.l(atof.o)
    0x080069f2   0x00000006   PAD
    0x080069f8   0x00000098   Data   RO          966    .constdata          m_ws.l(atan.o)
    0x08006a90   0x00000008   Data   RO          974    .constdata          m_ws.l(qnan.o)
    0x08006a98   0x00000081   Data   RO         1029    .constdata          mc_w.l(ctype_o.o)
    0x08006b19   0x00000003   PAD
    0x08006b1c   0x00000004   Data   RO         1030    .constdata          mc_w.l(ctype_o.o)
    0x08006b20   0x00000020   Data   RO         1075    Region$$Table       anon$$obj.o


    Execution Region RW_IRAM1 (Base: 0x20000000, Size: 0x000006c8, Max: 0x00005000, ABSOLUTE, COMPRESSED[0x00000038])

    Base Addr    Size         Type   Attr      Idx    E Section Name        Object

    0x20000000   0x0000000d   Data   RW            5    .data               main.o
    0x2000000d   0x00000001   PAD
    0x2000000e   0x00000004   Data   RW          194    .data               systickdelay.o
    0x20000012   0x00000002   PAD
    0x20000014   0x00000004   Data   RW          236    .data               ae_usart.o
    0x20000018   0x000000e8   Data   RW          260    .data               ae_com.o
    0x20000100   0x00000040   Data   RW          293    .data               ae_angle.o
    0x20000140   0x00000002   Data   RW          320    .data               ae_comp.o
    0x20000142   0x00000006   PAD
    0x20000148   0x00000053   Data   RW          343    .data               ae_control.o
    0x2000019b   0x00000001   PAD
    0x2000019c   0x0000000c   Data   RW          389    .data               ae_encode.o
    0x200001a8   0x00000014   Data   RW          552    .data               stm32f10x_rcc.o
    0x200001bc   0x00000014   Data   RW          621    .data               system_stm32f10x.o
    0x200001d0   0x00000004   Data   RW          670    .data               mc_w.l(strtok.o)
    0x200001d4   0x00000004   Data   RW          989    .data               mc_w.l(stdout.o)
    0x200001d8   0x00000004   Data   RW         1003    .data               mc_w.l(errno.o)
    0x200001dc   0x00000032   Zero   RW            4    .bss                main.o
    0x2000020e   0x00000002   PAD
    0x20000210   0x000000b4   Zero   RW          259    .bss                ae_com.o
    0x200002c4   0x00000004   PAD
    0x200002c8   0x00000400   Zero   RW          611    STACK               startup_stm32f10x_md.o


==============================================================================

Image component sizes


      Code (inc. data)   RO Data    RW Data    ZI Data      Debug   Object Name

       172          8          0          0          0        887   ae_adc.o
       508         64          0         64          0       1915   ae_angle.o
      2392        510          0        232        180       4248   ae_com.o
       192         38          0          2          0        753   ae_comp.o
      2656        384          0         83          0       4142   ae_control.o
       336         40          0         12          0       1905   ae_encode.o
       260         10          0          0          0       2199   ae_flash.o
       100          8          0          0          0        816   ae_gpio.o
       640          4          0          0          0       2145   ae_i2c.o
       384         10          0          0          0       2135   ae_mpu6050.o
       536         18          0          4          0       2897   ae_usart.o
      1012         34          0          0          0       2467   ae_vnh5160.o
       612        106          0         13         50     271181   main.o
       220         22          0          0          0       1941   misc.o
        36          8        236          0       1024        912   startup_stm32f10x_md.o
      1102         26          0          0          0      10977   stm32f10x_adc.o
      1468         34          0          0          0       8170   stm32f10x_flash.o
       860         38          0          0          0       5785   stm32f10x_gpio.o
       932         36          0         20          0       8996   stm32f10x_rcc.o
      3610         88          0          0          0      22276   stm32f10x_tim.o
      1032         22          0          0          0       8512   stm32f10x_usart.o
       480         38          0         20          0       1875   system_stm32f10x.o
       200         18          0          4          0       1085   systickdelay.o

    ----------------------------------------------------------------------
     19744       1564        268        464       1260     368219   Object Totals
         0          0         32          0          0          0   (incl. Generated)
         4          0          0         10          6          0   (incl. Padding)

    ----------------------------------------------------------------------

      Code (inc. data)   RO Data    RW Data    ZI Data      Debug   Library Member Name

       548         70        152          0          0        124   atan.o
       384         38          0          0          0        144   atan2.o
        42          0          0          0          0         84   atof.o
        16          6          0          0          0         68   dunder.o
        40          0          0          0          0         68   fpclassify.o
       170          0          0          0          0         96   poly.o
         0          0          8          0          0          0   qnan.o
        86          0          0          0          0          0   __dczerorl2.o
        28          0          0          0          0         68   _chval.o
        64          0          0          0          0         84   _sgetc.o
       158          0          0          0          0         92   _strtoul.o
        26          0          0          0          0         80   atoi.o
         8          4        133          0          0         68   ctype_o.o
         0          0          0          0          0          0   entry.o
         0          0          0          0          0          0   entry10a.o
         0          0          0          0          0          0   entry11a.o
         8          4          0          0          0          0   entry2.o
         4          0          0          0          0          0   entry5.o
         0          0          0          0          0          0   entry7b.o
         0          0          0          0          0          0   entry8b.o
         8          4          0          0          0          0   entry9a.o
        32         16          0          4          0        204   errno.o
        30          0          0          0          0          0   handlers.o
        36          8          0          0          0         68   init.o
        18          0          0          0          0         76   isspace_o.o
         0          0          0          0          0          0   iusefp.o
        30          0          0          0          0         68   llshl.o
        36          0          0          0          0         68   llsshr.o
        32          0          0          0          0         68   llushr.o
      2226         90          0          0          0        444   printfa.o
       838         12          0          0          0        216   scanf_fp.o
         0          0          0          4          0          0   stdout.o
       156         14          0          0          0        120   strtod.o
        68          6          0          4          0         80   strtok.o
       112          0          0          0          0         88   strtol.o
        44          0          0          0          0         80   uidiv.o
        98          0          0          0          0         92   uldiv.o
        40          2          0          0          0         68   cdcmple.o
        40          2          0          0          0         68   cdrcmple.o
        56          0          0          0          0         88   d2f.o
       334          0          0          0          0        148   dadd.o
       222          0          0          0          0        100   ddiv.o
       182          0          0          0          0        176   depilogue.o
        62          0          0          0          0         80   dfixi.o
        50          0          0          0          0         76   dfixui.o
        48          0          0          0          0         68   dfixul.o
        34          0          0          0          0         76   dflti.o
        26          0          0          0          0         76   dfltui.o
        24          0          0          0          0         76   dfltul.o
       228          0          0          0          0         96   dmul.o
        46          0          0          0          0         80   dscalb.o
       124          0          0          0          0         88   fdiv.o
       110          0          0          0          0        168   fepilogue.o
        40          0          0          0          0         68   ffixui.o
        18          0          0          0          0         68   fflti.o
       100          0          0          0          0         76   fmul.o

    ----------------------------------------------------------------------
      7148        276        296         12          0       4392   Library Totals
        18          0          3          0          0          0   (incl. Padding)

    ----------------------------------------------------------------------

      Code (inc. data)   RO Data    RW Data    ZI Data      Debug   Library Name

      1200        114        160          0          0        584   m_ws.l
      4146        158        133         12          0       2064   mc_w.l
      1784          4          0          0          0       1744   mf_w.l

    ----------------------------------------------------------------------
      7148        276        296         12          0       4392   Library Totals

    ----------------------------------------------------------------------

==============================================================================


      Code (inc. data)   RO Data    RW Data    ZI Data      Debug   

     26892       1840        564        476       1260     368475   Grand Totals
     26892       1840        564         56       1260     368475   ELF Image Totals (compressed)
     26892       1840        564         56          0          0   ROM Totals

==============================================================================

    Total RO  Size (Code + RO Data)                27456 (  26.81kB)
    Total RW  Size (RW Data + ZI Data)              1736 (   1.70kB)
    Total ROM Size (Code + RO Data + RW Data)      27512 (  26.87kB)

==============================================================================

